> Task :app:preBuild UP-TO-DATE
> Task :app:preDebugBuild UP-TO-DATE
> Task :app:generateDebugResources UP-TO-DATE
> Task :app:packageDebugResources UP-TO-DATE
> Task :app:processDebugNavigationResources UP-TO-DATE
> Task :app:parseDebugLocalResources UP-TO-DATE
> Task :app:generateDebugRFile UP-TO-DATE

> Task :app:compileDebugKotlin FAILED
./gradlew : e: file:///C:/Use
rs/Pavan%20Kandula/Desktop/pa
van_digi_wallet2/app/src/main
/java/com/simats/pavan_digi_w
allet/HistoryActivity.kt:87:2
9 Unresolved reference 
'updateContent'.
At line:1 char:1
+ ./gradlew 
:app:compileDebugKotlin > 
build_errors.txt 2>&1
+ ~~~~~~~~~~~~~~~~~~~~~~~~~~~
~~~~~~~~~~~~~~~~~~~~~~~~~~~~~
~
    + CategoryInfo           
   : NotSpecified: (e: file  
  :///C:/U...updateContent   
 '.:String) [], RemoteExc    
eption
    + FullyQualifiedErrorId  
   : NativeCommandError
 

FAILURE: Build failed with 
an exception.

* What went wrong:
Execution failed for task 
':app:compileDebugKotlin'.
> A failure occurred while 
executing org.jetbrains.kotli
n.compilerRunner.GradleCompil
erRunnerWithWorkers$GradleKot
linCompilerWorkAction
   > Compilation error. See 
log for more details

* Try:
> Run with --stacktrace 
option to get the stack 
trace.
> Run with --info or --debug 
option to get more log 
output.
> Run with --scan to 
generate a Build Scan 
(powered by Develocity).
> Get more help at 
https://help.gradle.org.

BUILD FAILED in 2s
6 actionable tasks: 1 executed, 5 up-to-date
