> Task :app:preBuild UP-TO-DATE
> Task :app:preDebugBuild UP-TO-DATE
> Task :app:mergeDebugNativeDebugMetadata NO-SOURCE
> Task :app:generateDebugResources UP-TO-DATE
> Task :app:packageDebugResources UP-TO-DATE
> Task :app:processDebugNavigationResources UP-TO-DATE
> Task :app:parseDebugLocalResources UP-TO-DATE
> Task :app:generateDebugRFile UP-TO-DATE
> Task :app:javaPreCompileDebug UP-TO-DATE
> Task :app:generateDebugAssets UP-TO-DATE
> Task :app:mergeDebugAssets UP-TO-DATE
> Task :app:compressDebugAssets UP-TO-DATE
> Task :app:checkDebugDuplicateClasses UP-TO-DATE
> Task :app:desugarDebugFileDependencies UP-TO-DATE
> Task :app:mergeExtDexDebug UP-TO-DATE
> Task :app:mergeLibDexDebug UP-TO-DATE
> Task :app:checkDebugAarMetadata UP-TO-DATE
> Task :app:compileDebugNavigationResources UP-TO-DATE
> Task :app:mapDebugSourceSetPaths UP-TO-DATE
> Task :app:mergeDebugResources UP-TO-DATE
> Task :app:createDebugCompatibleScreenManifests UP-TO-DATE
> Task :app:extractDeepLinksDebug UP-TO-DATE
> Task :app:processDebugMainManifest UP-TO-DATE
> Task :app:processDebugManifest UP-TO-DATE
> Task :app:processDebugManifestForPackage UP-TO-DATE
> Task :app:processDebugResources UP-TO-DATE
> Task :app:mergeDebugJniLibFolders UP-TO-DATE
> Task :app:mergeDebugNativeLibs NO-SOURCE
> Task :app:stripDebugDebugSymbols NO-SOURCE
> Task :app:validateSigningDebug UP-TO-DATE
> Task :app:writeDebugAppMetadata UP-TO-DATE
> Task :app:writeDebugSigningConfigVersions UP-TO-DATE

> Task :app:compileDebugKotlin FAILED
./gradlew.bat : e: file:///C:
/Users/Pavan%20Kandula/Deskto
p/pavan_digi_wallet2/app/src/
main/java/com/simats/pavan_di
gi_wallet/CreateGoalActivity.
kt:27:49 Unresolved 
reference 'TextView'.
At line:1 char:1
+ ./gradlew.bat 
assembleDebug > 
build_output.txt 2>&1
+ ~~~~~~~~~~~~~~~~~~~~~~~~~~~
~~~~~~~~~~~~~~~~~~~~~~~~
    + CategoryInfo           
   : NotSpecified: (e: file  
  :///C:/U...nce 'TextView   
 '.:String) [], RemoteExc    
eption
    + FullyQualifiedErrorId  
   : NativeCommandError
 
e: file:///C:/Users/Pavan%20K
andula/Desktop/pavan_digi_wal
let2/app/src/main/java/com/si
mats/pavan_digi_wallet/Create
GoalActivity.kt:47:33 Cannot 
infer type for this 
parameter. Specify it 
explicitly.
e: file:///C:/Users/Pavan%20K
andula/Desktop/pavan_digi_wal
let2/app/src/main/java/com/si
mats/pavan_digi_wallet/Create
GoalActivity.kt:47:33 Not 
enough information to infer 
type argument for 'T'.
e: file:///C:/Users/Pavan%20K
andula/Desktop/pavan_digi_wal
let2/app/src/main/java/com/si
mats/pavan_digi_wallet/Create
GoalActivity.kt:89:35 
Unresolved reference 'text'.
e: file:///C:/Users/Pavan%20K
andula/Desktop/pavan_digi_wal
let2/app/src/main/java/com/si
mats/pavan_digi_wallet/Create
GoalActivity.kt:101:31 
Unresolved reference 'text'.

FAILURE: Build failed with 
an exception.

* What went wrong:
Execution failed for task 
':app:compileDebugKotlin'.
> A failure occurred while 
executing org.jetbrains.kotli
n.compilerRunner.GradleCompil
erRunnerWithWorkers$GradleKot
linCompilerWorkAction
   > Compilation error. See 
log for more details

* Try:
> Run with --stacktrace 
option to get the stack 
trace.
> Run with --info or --debug 
option to get more log 
output.
> Run with --scan to 
generate a Build Scan 
(powered by Develocity).
> Get more help at 
https://help.gradle.org.

BUILD FAILED in 4s
27 actionable tasks: 1 executed, 26 up-to-date
